A51 MACRO ASSEMBLER  8051_CODE                                                            02/15/2019 21:53:44 PAGE     1


MACRO ASSEMBLER A51 V8.2.7.0
OBJECT MODULE PLACED IN .\Objects\8051_code.obj
ASSEMBLER INVOKED BY: C:\Keil_v5\C51\BIN\A51.EXE ESD Final Code\8051_code.asm SET(SMALL) DEBUG PRINT(.\Listings\8051_cod
                      e.lst) OBJECT(.\Objects\8051_code.obj) EP

LOC  OBJ            LINE     SOURCE

                       1     
                       2     
                       3     
                       4     
                       5     
                       6     
                       7     
                       8     
                       9     
                      10     
                      11     
                      12     
                      13     
                      14     
                      15     
                      16     
                      17     
                      18     
                      19     
                      20     
                      21     
                      22     
                      23     
                      24     
                      25     
                      26     
                      27     
                      28     
                      29     
                      30     
                      31     
                      32     
                      33     
                      34     
                      35     
                      36     
                      37     
                      38     
                      39     
                      40     
                      41     
                      42     
                      43     
                      44     
                      45     
0000                  46     ORG 0000h                                
                      47     
0000 C3               48     CLR C                                    
                      49     
0001 75F00A           50     MOV B, #0Ah                              
0004 E5F0             51     MOV A, B                                 
                      52     
0006 6031             53     JZ ERROR2                                
                      54                                                     
                      55     
                      56     
0008 7420             57     MOV A, #20h                              
A51 MACRO ASSEMBLER  8051_CODE                                                            02/15/2019 21:53:44 PAGE     2

                      58     
                      59     
                      60     
                      61     
                      62     
000A 33               63     RLC A                                    
                      64     
000B 4026             65     JC Error1                                
                      66                                                     
                      67                                                     
                      68     
000D C3               69     CLR C                                    
                      70                                                     
                      71     
000E 33               72     RLC A                                    
                      73     
000F 4022             74     JC Error1                                
                      75                                                     
                      76                                                     
                      77     
0011 F520             78     BACK: MOV 20h, A                 
                      79     
                      80     
                      81     
                      82     
                      83     
                      84     
                      85     
0013 7800             86     MOV R0, #0h                              
                      87     
0015 95F0             88     HERE:   SUBB A, B                
0017 6005             89                     JZ STAGE1                
                      90                                                     
                      91                     
0019 400B             92                     JC STAGE2                
001B 08               93                     INC R0                   
001C 80F7             94                     JMP HERE
                      95                     
001E E8               96     STAGE1: MOV A, R0                
001F F521             97                     MOV 21h, A               
0021 752200           98                     MOV 22h, #0h     
0024 8009             99                     JMP ENDLOOP
                     100                     
0026 25F0            101     STAGE2: ADD A, B                 
0028 F522            102                     MOV 22h, A               
002A E8              103                     MOV A, R0                
002B F521            104                     MOV 21h, A               
002D 8000            105                     JMP ENDLOOP
                     106     
                     107     
                     108     
                     109     
002F 8000            110     ENDLOOP:        JMP WHILE                
0031 80FC            111     WHILE:          JMP ENDLOOP
                     112     
                     113     
                     114     
0033 753002          115     ERROR1: MOV 30h, #02h    
0036 C3              116                     CLR C                    
0037 80F6            117                     JMP ENDLOOP
                     118     
0039 753001          119     ERROR2: MOV 30h, #01h    
003C 80F1            120                     JMP ENDLOOP
                     121     
                     122     end                                              
A51 MACRO ASSEMBLER  8051_CODE                                                            02/15/2019 21:53:44 PAGE     3

SYMBOL TABLE LISTING
------ ----- -------


N A M E             T Y P E  V A L U E   ATTRIBUTES

B. . . . . . . . .  D ADDR   00F0H   A   
BACK . . . . . . .  C ADDR   0011H   A   
ENDLOOP. . . . . .  C ADDR   002FH   A   
ERROR1 . . . . . .  C ADDR   0033H   A   
ERROR2 . . . . . .  C ADDR   0039H   A   
HERE . . . . . . .  C ADDR   0015H   A   
STAGE1 . . . . . .  C ADDR   001EH   A   
STAGE2 . . . . . .  C ADDR   0026H   A   
WHILE. . . . . . .  C ADDR   0031H   A   


REGISTER BANK(S) USED: 0 


ASSEMBLY COMPLETE.  0 WARNING(S), 0 ERROR(S)
