******************************************************************************
                  TI ARM Linker PC v18.1.5                     
******************************************************************************
>> Linked Wed Mar  6 21:47:17 2019

OUTPUT FILE NAME:   <msp432p401x_ta0_01_MSP_EXP432P401R_nortos_ccs.out>
ENTRY POINT SYMBOL: "_c_int00_noargs"  address: 000002c1


MEMORY CONFIGURATION

         name            origin    length      used     unused   attr    fill
----------------------  --------  ---------  --------  --------  ----  --------
  MAIN                  00000000   00040000  00000334  0003fccc  R  X
  INFO                  00200000   00004000  00000000  00004000  R  X
  SRAM_CODE             01000000   00010000  00000204  0000fdfc  RW X
  SRAM_DATA             20000000   00010000  00000204  0000fdfc  RW  


SEGMENT ALLOCATION MAP

run origin  load origin   length   init length attrs members
----------  ----------- ---------- ----------- ----- -------
00000000    00000000    00000334   00000334    r-x
  00000000    00000000    000000e4   000000e4    r-- .intvecs
  000000e4    000000e4    0000023c   0000023c    r-x .text
  00000320    00000320    00000014   00000014    r-- .cinit
20000000    20000000    00000004   00000000    rw-
  20000000    20000000    00000004   00000000    rw- .bss
2000fe00    2000fe00    00000200   00000000    rw-
  2000fe00    2000fe00    00000200   00000000    rw- .stack


SECTION ALLOCATION MAP

 output                                  attributes/
section   page    origin      length       input sections
--------  ----  ----------  ----------   ----------------
.intvecs   0    00000000    000000e4     
                  00000000    000000e4     startup_msp432p401r_ccs.obj (.intvecs:retain)

.text      0    000000e4    0000023c     
                  000000e4    0000009c     msp432p401x_ta0_01.obj (.text:main)
                  00000180    00000084     msp432p401x_ta0_01.obj (.text:TA0_0_IRQHandler)
                  00000204    00000078     system_msp432p401r.obj (.text:SystemInit)
                  0000027c    00000044     rtsv7M4_T_le_v4SPD16_eabi.lib : autoinit.c.obj (.text:__TI_auto_init_nobinit_nopinit:__TI_auto_init_nobinit_nopinit)
                  000002c0    00000038                                   : boot_cortex_m.c.obj (.text:_c_int00_noargs:_c_int00_noargs)
                  000002f8    00000012                                   : copy_zero_init.c.obj (.text:decompress:ZI:__TI_zero_init_nomemset:__TI_zero_init_nomemset)
                  0000030a    0000000c     startup_msp432p401r_ccs.obj (.text:Reset_Handler)
                  00000316    00000004     rtsv7M4_T_le_v4SPD16_eabi.lib : pre_init.c.obj (.text:_system_pre_init)
                  0000031a    00000004                                   : exit.c.obj (.text:abort:abort)
                  0000031e    00000002     startup_msp432p401r_ccs.obj (.text:Default_Handler)

.cinit     0    00000320    00000014     
                  00000320    00000008     (.cinit..bss.load) [load image, compression = zero_init]
                  00000328    00000004     (__TI_handler_table)
                  0000032c    00000008     (__TI_cinit_table)

.init_array 
*          0    00000000    00000000     UNINITIALIZED

.binit     0    00000000    00000000     

.bss       0    20000000    00000004     UNINITIALIZED
                  20000000    00000004     (.common:j)

.stack     0    2000fe00    00000200     UNINITIALIZED
                  2000fe00    00000004     rtsv7M4_T_le_v4SPD16_eabi.lib : boot_cortex_m.c.obj (.stack)
                  2000fe04    000001fc     --HOLE--

MODULE SUMMARY

       Module                        code   ro data   rw data
       ------                        ----   -------   -------
    .\
       msp432p401x_ta0_01.obj        288    0         8      
       system_msp432p401r.obj        120    0         0      
    +--+-----------------------------+------+---------+---------+
       Total:                        408    0         8      
                                                             
    .\ccs\
       startup_msp432p401r_ccs.obj   14     228       0      
    +--+-----------------------------+------+---------+---------+
       Total:                        14     228       0      
                                                             
    C:\ti\ccsv8\tools\compiler\ti-cgt-arm_18.1.5.LTS\lib\rtsv7M4_T_le_v4SPD16_eabi.lib
       autoinit.c.obj                68     0         0      
       boot_cortex_m.c.obj           56     0         0      
       copy_zero_init.c.obj          18     0         0      
       exit.c.obj                    4      0         0      
       pre_init.c.obj                4      0         0      
    +--+-----------------------------+------+---------+---------+
       Total:                        150    0         0      
                                                             
       Stack:                        0      0         1024   
       Linker Generated:             0      20        0      
    +--+-----------------------------+------+---------+---------+
       Grand Total:                  572    248       1032   


LINKER GENERATED COPY TABLES

__TI_cinit_table @ 0000032c records: 1, size/record: 8, table size: 8
	.bss: load addr=00000320, load size=00000008 bytes, run addr=20000000, run size=00000004 bytes, compression=zero_init


LINKER GENERATED HANDLER TABLE

__TI_handler_table @ 00000328 records: 1, size/record: 4, table size: 4
	index: 0, handler: __TI_zero_init


GLOBAL SYMBOLS: SORTED ALPHABETICALLY BY Name 

address   name                          
-------   ----                          
0000031f  ADC14_IRQHandler              
0000031f  AES256_IRQHandler             
0000031f  BusFault_Handler              
0000031b  C$$EXIT                       
0000031f  COMP_E0_IRQHandler            
0000031f  COMP_E1_IRQHandler            
0000031f  CS_IRQHandler                 
0000031f  DMA_ERR_IRQHandler            
0000031f  DMA_INT0_IRQHandler           
0000031f  DMA_INT1_IRQHandler           
0000031f  DMA_INT2_IRQHandler           
0000031f  DMA_INT3_IRQHandler           
0000031f  DebugMon_Handler              
0000031f  Default_Handler               
0000031f  EUSCIA0_IRQHandler            
0000031f  EUSCIA1_IRQHandler            
0000031f  EUSCIA2_IRQHandler            
0000031f  EUSCIA3_IRQHandler            
0000031f  EUSCIB0_IRQHandler            
0000031f  EUSCIB1_IRQHandler            
0000031f  EUSCIB2_IRQHandler            
0000031f  EUSCIB3_IRQHandler            
0000031f  FLCTL_IRQHandler              
0000031f  FPU_IRQHandler                
0000031f  HardFault_Handler             
0000031f  MemManage_Handler             
0000031f  NMI_Handler                   
0000031f  PCM_IRQHandler                
0000031f  PORT1_IRQHandler              
0000031f  PORT2_IRQHandler              
0000031f  PORT3_IRQHandler              
0000031f  PORT4_IRQHandler              
0000031f  PORT5_IRQHandler              
0000031f  PORT6_IRQHandler              
0000031f  PSS_IRQHandler                
0000031f  PendSV_Handler                
0000031f  RTC_C_IRQHandler              
0000030b  Reset_Handler                 
0000031f  SVC_Handler                   
0000031f  SysTick_Handler               
00000205  SystemInit                    
0000031f  T32_INT1_IRQHandler           
0000031f  T32_INT2_IRQHandler           
0000031f  T32_INTC_IRQHandler           
00000181  TA0_0_IRQHandler              
00000181  TA0_0_IRQHandler              
0000031f  TA0_N_IRQHandler              
0000031f  TA1_0_IRQHandler              
0000031f  TA1_N_IRQHandler              
0000031f  TA2_0_IRQHandler              
0000031f  TA2_N_IRQHandler              
0000031f  TA3_0_IRQHandler              
0000031f  TA3_N_IRQHandler              
0000031f  UsageFault_Handler            
4000480c  WDTCTL_SYM                    
0000031f  WDT_A_IRQHandler              
20010000  __STACK_END                   
00000200  __STACK_SIZE                  
0000032c  __TI_CINIT_Base               
00000334  __TI_CINIT_Limit              
00000328  __TI_Handler_Table_Base       
0000032c  __TI_Handler_Table_Limit      
0000027d  __TI_auto_init_nobinit_nopinit
ffffffff  __TI_pprof_out_hndl           
ffffffff  __TI_prof_data_size           
ffffffff  __TI_prof_data_start          
00000000  __TI_static_base__            
000002f9  __TI_zero_init_nomemset       
ffffffff  __binit__                     
ffffffff  __c_args__                    
UNDEFED   __mpu_init                    
2000fe00  __stack                       
000002c1  _c_int00_noargs               
UNDEFED   _system_post_cinit            
00000317  _system_pre_init              
0000031b  abort                         
ffffffff  binit                         
00000000  interruptVectors              
20000000  j                             
000000e5  main                          


GLOBAL SYMBOLS: SORTED BY Symbol Address 

address   name                          
-------   ----                          
00000000  __TI_static_base__            
00000000  interruptVectors              
000000e5  main                          
00000181  TA0_0_IRQHandler              
00000181  TA0_0_IRQHandler              
00000200  __STACK_SIZE                  
00000205  SystemInit                    
0000027d  __TI_auto_init_nobinit_nopinit
000002c1  _c_int00_noargs               
000002f9  __TI_zero_init_nomemset       
0000030b  Reset_Handler                 
00000317  _system_pre_init              
0000031b  C$$EXIT                       
0000031b  abort                         
0000031f  ADC14_IRQHandler              
0000031f  AES256_IRQHandler             
0000031f  BusFault_Handler              
0000031f  COMP_E0_IRQHandler            
0000031f  COMP_E1_IRQHandler            
0000031f  CS_IRQHandler                 
0000031f  DMA_ERR_IRQHandler            
0000031f  DMA_INT0_IRQHandler           
0000031f  DMA_INT1_IRQHandler           
0000031f  DMA_INT2_IRQHandler           
0000031f  DMA_INT3_IRQHandler           
0000031f  DebugMon_Handler              
0000031f  Default_Handler               
0000031f  EUSCIA0_IRQHandler            
0000031f  EUSCIA1_IRQHandler            
0000031f  EUSCIA2_IRQHandler            
0000031f  EUSCIA3_IRQHandler            
0000031f  EUSCIB0_IRQHandler            
0000031f  EUSCIB1_IRQHandler            
0000031f  EUSCIB2_IRQHandler            
0000031f  EUSCIB3_IRQHandler            
0000031f  FLCTL_IRQHandler              
0000031f  FPU_IRQHandler                
0000031f  HardFault_Handler             
0000031f  MemManage_Handler             
0000031f  NMI_Handler                   
0000031f  PCM_IRQHandler                
0000031f  PORT1_IRQHandler              
0000031f  PORT2_IRQHandler              
0000031f  PORT3_IRQHandler              
0000031f  PORT4_IRQHandler              
0000031f  PORT5_IRQHandler              
0000031f  PORT6_IRQHandler              
0000031f  PSS_IRQHandler                
0000031f  PendSV_Handler                
0000031f  RTC_C_IRQHandler              
0000031f  SVC_Handler                   
0000031f  SysTick_Handler               
0000031f  T32_INT1_IRQHandler           
0000031f  T32_INT2_IRQHandler           
0000031f  T32_INTC_IRQHandler           
0000031f  TA0_N_IRQHandler              
0000031f  TA1_0_IRQHandler              
0000031f  TA1_N_IRQHandler              
0000031f  TA2_0_IRQHandler              
0000031f  TA2_N_IRQHandler              
0000031f  TA3_0_IRQHandler              
0000031f  TA3_N_IRQHandler              
0000031f  UsageFault_Handler            
0000031f  WDT_A_IRQHandler              
00000328  __TI_Handler_Table_Base       
0000032c  __TI_CINIT_Base               
0000032c  __TI_Handler_Table_Limit      
00000334  __TI_CINIT_Limit              
20000000  j                             
2000fe00  __stack                       
20010000  __STACK_END                   
4000480c  WDTCTL_SYM                    
ffffffff  __TI_pprof_out_hndl           
ffffffff  __TI_prof_data_size           
ffffffff  __TI_prof_data_start          
ffffffff  __binit__                     
ffffffff  __c_args__                    
ffffffff  binit                         
UNDEFED   __mpu_init                    
UNDEFED   _system_post_cinit            

[80 symbols]
