BL51 BANKED LINKER/LOCATER V6.22.2.0                                                    04/02/2019  17:56:40  PAGE 1


BL51 BANKED LINKER/LOCATER V6.22.2.0, INVOKED BY:
C:\KEIL_V5\C51\BIN\BL51.EXE .\Objects\RS-232 Test Code.obj TO .\Objects\RS-232 Test PRINT (.\Listings\RS-232 Test.m51)


INPUT MODULES INCLUDED:
  .\Objects\RS-232 Test Code.obj (RS_232_TEST_CODE)


LINK MAP OF MODULE:  .\Objects\RS-232 Test (RS_232_TEST_CODE)


            TYPE    BASE      LENGTH    RELOCATION   SEGMENT NAME
            -----------------------------------------------------

            * * * * * * *   D A T A   M E M O R Y   * * * * * * *
            REG     0000H     0008H     ABSOLUTE     "REG BANK 0"

            * * * * * * *   C O D E   M E M O R Y   * * * * * * *
            CODE    0000H     0021H     ABSOLUTE     



SYMBOL TABLE OF MODULE:  .\Objects\RS-232 Test (RS_232_TEST_CODE)

  VALUE           TYPE          NAME
  ----------------------------------

  -------         MODULE        RS_232_TEST_CODE
  D:00E0H         SYMBOL        ACC
  C:001AH         SYMBOL        ISR
  D:0087H         SYMBOL        PCON
  C:0017H         SYMBOL        REPEAT
  D:0099H         SYMBOL        SBUF
  D:0098H         SYMBOL        SCON
  D:008DH         SYMBOL        TH1
  B:0098H.1       SYMBOL        TI
  D:0089H         SYMBOL        TMOD
  B:0088H.6       SYMBOL        TR1
  C:0000H         LINE#         43
  C:0002H         LINE#         44
  C:0004H         LINE#         45
  C:0006H         LINE#         49
  C:0008H         LINE#         50
  C:000AH         LINE#         51
  C:000CH         LINE#         53
  C:000FH         LINE#         54
  C:0012H         LINE#         55
  C:0015H         LINE#         56
  C:0017H         LINE#         58
  C:001AH         LINE#         60
  C:001DH         LINE#         62
  C:001FH         LINE#         64
  -------         ENDMOD        RS_232_TEST_CODE

******************************************************************************
* RESTRICTED VERSION WITH 0800H BYTE CODE SIZE LIMIT; USED: 0021H BYTE ( 1%) *
******************************************************************************

BL51 BANKED LINKER/LOCATER V6.22.2.0                                                  04/02/2019  17:56:40  PAGE 2


Program Size: data=8.0 xdata=0 code=33
LINK/LOCATE RUN COMPLETE.  0 WARNING(S),  0 ERROR(S)
