******************************************************************************
                  TI ARM Linker PC v18.1.5                     
******************************************************************************
>> Linked Sun Mar 24 13:06:41 2019

OUTPUT FILE NAME:   <msp432p401x_euscia0_uart_01_MSP_EXP432P401R_nortos_ccs.out>
ENTRY POINT SYMBOL: "_c_int00_noargs"  address: 00000651


MEMORY CONFIGURATION

         name            origin    length      used     unused   attr    fill
----------------------  --------  ---------  --------  --------  ----  --------
  MAIN                  00000000   00040000  00000736  0003f8ca  R  X
  INFO                  00200000   00004000  00000000  00004000  R  X
  SRAM_CODE             01000000   00010000  00000208  0000fdf8  RW X
  SRAM_DATA             20000000   00010000  00000208  0000fdf8  RW  


SEGMENT ALLOCATION MAP

run origin  load origin   length   init length attrs members
----------  ----------- ---------- ----------- ----- -------
00000000    00000000    0000073c   0000073c    r-x
  00000000    00000000    000000e4   000000e4    r-- .intvecs
  000000e4    000000e4    00000624   00000624    r-x .text
  00000708    00000708    00000012   00000012    r-- .const
  00000720    00000720    0000001c   0000001c    r-- .cinit
20000000    20000000    00000008   00000000    rw-
  20000000    20000000    00000008   00000000    rw- .data
2000fe00    2000fe00    00000200   00000000    rw-
  2000fe00    2000fe00    00000200   00000000    rw- .stack


SECTION ALLOCATION MAP

 output                                  attributes/
section   page    origin      length       input sections
--------  ----  ----------  ----------   ----------------
.intvecs   0    00000000    000000e4     
                  00000000    000000e4     startup_msp432p401r_ccs.obj (.intvecs:retain)

.text      0    000000e4    00000624     
                  000000e4    00000244     msp432p401x_euscia0_uart_01.obj (.text:main)
                  00000328    000000c0     msp432p401x_euscia0_uart_01.obj (.text:print_duty)
                  000003e8    000000a8     msp432p401x_euscia0_uart_01.obj (.text:PORT1_IRQHandler)
                  00000490    0000009c     rtsv7M4_T_le_v4SPD16_eabi.lib : memcpy_t2.asm.obj (.text)
                  0000052c    00000078     system_msp432p401r.obj (.text:SystemInit)
                  000005a4    00000068     rtsv7M4_T_le_v4SPD16_eabi.lib : copy_decompress_lzss.c.obj (.text:decompress:lzss:__TI_decompress_lzss)
                  0000060c    00000044                                   : autoinit.c.obj (.text:__TI_auto_init_nobinit_nopinit:__TI_auto_init_nobinit_nopinit)
                  00000650    00000038                                   : boot_cortex_m.c.obj (.text:_c_int00_noargs:_c_int00_noargs)
                  00000688    00000026     msp432p401x_euscia0_uart_01.obj (.text:delay)
                  000006ae    00000002     startup_msp432p401r_ccs.obj (.text:Default_Handler)
                  000006b0    0000001c     msp432p401x_euscia0_uart_01.obj (.text:EUSCIA0_IRQHandler)
                  000006cc    0000000e     rtsv7M4_T_le_v4SPD16_eabi.lib : copy_decompress_none.c.obj (.text:decompress:none:__TI_decompress_none)
                  000006da    0000000c     startup_msp432p401r_ccs.obj (.text:Reset_Handler)
                  000006e6    00000002     --HOLE-- [fill = 0]
                  000006e8    0000000c     msp432p401x_euscia0_uart_01.obj (.text:car_return)
                  000006f4    0000000c     msp432p401x_euscia0_uart_01.obj (.text:new_line)
                  00000700    00000004     rtsv7M4_T_le_v4SPD16_eabi.lib : pre_init.c.obj (.text:_system_pre_init)
                  00000704    00000004                                   : exit.c.obj (.text:abort:abort)

.const     0    00000708    00000012     
                  00000708    0000000d     msp432p401x_euscia0_uart_01.obj (.const:.string:$P$T16$1)
                  00000715    00000005     msp432p401x_euscia0_uart_01.obj (.const:.string:$P$T17$2)

.cinit     0    00000720    0000001c     
                  00000720    0000000b     (.cinit..data.load) [load image, compression = lzss]
                  0000072b    00000001     --HOLE-- [fill = 0]
                  0000072c    00000008     (__TI_handler_table)
                  00000734    00000008     (__TI_cinit_table)

.init_array 
*          0    00000000    00000000     UNINITIALIZED

.binit     0    00000000    00000000     

.data      0    20000000    00000008     UNINITIALIZED
                  20000000    00000008     msp432p401x_euscia0_uart_01.obj (.data)

.stack     0    2000fe00    00000200     UNINITIALIZED
                  2000fe00    00000004     rtsv7M4_T_le_v4SPD16_eabi.lib : boot_cortex_m.c.obj (.stack)
                  2000fe04    000001fc     --HOLE--

MODULE SUMMARY

       Module                            code   ro data   rw data
       ------                            ----   -------   -------
    .\
       msp432p401x_euscia0_uart_01.obj   1030   18        16     
       system_msp432p401r.obj            120    0         0      
    +--+---------------------------------+------+---------+---------+
       Total:                            1150   18        16     
                                                                 
    .\ccs\
       startup_msp432p401r_ccs.obj       14     228       0      
    +--+---------------------------------+------+---------+---------+
       Total:                            14     228       0      
                                                                 
    C:\ti\ccsv8\tools\compiler\ti-cgt-arm_18.1.5.LTS\lib\rtsv7M4_T_le_v4SPD16_eabi.lib
       memcpy_t2.asm.obj                 156    0         0      
       copy_decompress_lzss.c.obj        104    0         0      
       autoinit.c.obj                    68     0         0      
       boot_cortex_m.c.obj               56     0         0      
       copy_decompress_none.c.obj        14     0         0      
       exit.c.obj                        4      0         0      
       pre_init.c.obj                    4      0         0      
    +--+---------------------------------+------+---------+---------+
       Total:                            406    0         0      
                                                                 
       Stack:                            0      0         1024   
       Linker Generated:                 0      27        0      
    +--+---------------------------------+------+---------+---------+
       Grand Total:                      1570   273       1040   


LINKER GENERATED COPY TABLES

__TI_cinit_table @ 00000734 records: 1, size/record: 8, table size: 8
	.data: load addr=00000720, load size=0000000b bytes, run addr=20000000, run size=00000008 bytes, compression=lzss


LINKER GENERATED HANDLER TABLE

__TI_handler_table @ 0000072c records: 2, size/record: 4, table size: 8
	index: 0, handler: __TI_decompress_lzss
	index: 1, handler: __TI_decompress_none


GLOBAL SYMBOLS: SORTED ALPHABETICALLY BY Name 

address   name                          
-------   ----                          
000006af  ADC14_IRQHandler              
000006af  AES256_IRQHandler             
000006af  BusFault_Handler              
00000705  C$$EXIT                       
000006af  COMP_E0_IRQHandler            
000006af  COMP_E1_IRQHandler            
000006af  CS_IRQHandler                 
000006af  DMA_ERR_IRQHandler            
000006af  DMA_INT0_IRQHandler           
000006af  DMA_INT1_IRQHandler           
000006af  DMA_INT2_IRQHandler           
000006af  DMA_INT3_IRQHandler           
000006af  DebugMon_Handler              
000006af  Default_Handler               
000006b1  EUSCIA0_IRQHandler            
000006b1  EUSCIA0_IRQHandler            
000006af  EUSCIA1_IRQHandler            
000006af  EUSCIA2_IRQHandler            
000006af  EUSCIA3_IRQHandler            
000006af  EUSCIB0_IRQHandler            
000006af  EUSCIB1_IRQHandler            
000006af  EUSCIB2_IRQHandler            
000006af  EUSCIB3_IRQHandler            
000006af  FLCTL_IRQHandler              
000006af  FPU_IRQHandler                
000006af  HardFault_Handler             
000006af  MemManage_Handler             
000006af  NMI_Handler                   
000006af  PCM_IRQHandler                
000003e9  PORT1_IRQHandler              
000003e9  PORT1_IRQHandler              
000006af  PORT2_IRQHandler              
000006af  PORT3_IRQHandler              
000006af  PORT4_IRQHandler              
000006af  PORT5_IRQHandler              
000006af  PORT6_IRQHandler              
000006af  PSS_IRQHandler                
000006af  PendSV_Handler                
000006af  RTC_C_IRQHandler              
000006db  Reset_Handler                 
000006af  SVC_Handler                   
000006af  SysTick_Handler               
0000052d  SystemInit                    
000006af  T32_INT1_IRQHandler           
000006af  T32_INT2_IRQHandler           
000006af  T32_INTC_IRQHandler           
000006af  TA0_0_IRQHandler              
000006af  TA0_N_IRQHandler              
000006af  TA1_0_IRQHandler              
000006af  TA1_N_IRQHandler              
000006af  TA2_0_IRQHandler              
000006af  TA2_N_IRQHandler              
000006af  TA3_0_IRQHandler              
000006af  TA3_N_IRQHandler              
000006af  UsageFault_Handler            
4000480c  WDTCTL_SYM                    
000006af  WDT_A_IRQHandler              
20010000  __STACK_END                   
00000200  __STACK_SIZE                  
00000734  __TI_CINIT_Base               
0000073c  __TI_CINIT_Limit              
0000072c  __TI_Handler_Table_Base       
00000734  __TI_Handler_Table_Limit      
0000060d  __TI_auto_init_nobinit_nopinit
000005a5  __TI_decompress_lzss          
000006cd  __TI_decompress_none          
ffffffff  __TI_pprof_out_hndl           
ffffffff  __TI_prof_data_size           
ffffffff  __TI_prof_data_start          
00000000  __TI_static_base__            
00000491  __aeabi_memcpy                
00000491  __aeabi_memcpy4               
00000491  __aeabi_memcpy8               
ffffffff  __binit__                     
ffffffff  __c_args__                    
UNDEFED   __mpu_init                    
2000fe00  __stack                       
00000651  _c_int00_noargs               
UNDEFED   _system_post_cinit            
00000701  _system_pre_init              
00000705  abort                         
ffffffff  binit                         
000006e9  car_return                    
00000689  delay                         
20000000  duty_cycle                    
20000004  duty_out                      
00000000  interruptVectors              
000000e5  main                          
00000491  memcpy                        
000006f5  new_line                      
00000329  print_duty                    


GLOBAL SYMBOLS: SORTED BY Symbol Address 

address   name                          
-------   ----                          
00000000  __TI_static_base__            
00000000  interruptVectors              
000000e5  main                          
00000200  __STACK_SIZE                  
00000329  print_duty                    
000003e9  PORT1_IRQHandler              
000003e9  PORT1_IRQHandler              
00000491  __aeabi_memcpy                
00000491  __aeabi_memcpy4               
00000491  __aeabi_memcpy8               
00000491  memcpy                        
0000052d  SystemInit                    
000005a5  __TI_decompress_lzss          
0000060d  __TI_auto_init_nobinit_nopinit
00000651  _c_int00_noargs               
00000689  delay                         
000006af  ADC14_IRQHandler              
000006af  AES256_IRQHandler             
000006af  BusFault_Handler              
000006af  COMP_E0_IRQHandler            
000006af  COMP_E1_IRQHandler            
000006af  CS_IRQHandler                 
000006af  DMA_ERR_IRQHandler            
000006af  DMA_INT0_IRQHandler           
000006af  DMA_INT1_IRQHandler           
000006af  DMA_INT2_IRQHandler           
000006af  DMA_INT3_IRQHandler           
000006af  DebugMon_Handler              
000006af  Default_Handler               
000006af  EUSCIA1_IRQHandler            
000006af  EUSCIA2_IRQHandler            
000006af  EUSCIA3_IRQHandler            
000006af  EUSCIB0_IRQHandler            
000006af  EUSCIB1_IRQHandler            
000006af  EUSCIB2_IRQHandler            
000006af  EUSCIB3_IRQHandler            
000006af  FLCTL_IRQHandler              
000006af  FPU_IRQHandler                
000006af  HardFault_Handler             
000006af  MemManage_Handler             
000006af  NMI_Handler                   
000006af  PCM_IRQHandler                
000006af  PORT2_IRQHandler              
000006af  PORT3_IRQHandler              
000006af  PORT4_IRQHandler              
000006af  PORT5_IRQHandler              
000006af  PORT6_IRQHandler              
000006af  PSS_IRQHandler                
000006af  PendSV_Handler                
000006af  RTC_C_IRQHandler              
000006af  SVC_Handler                   
000006af  SysTick_Handler               
000006af  T32_INT1_IRQHandler           
000006af  T32_INT2_IRQHandler           
000006af  T32_INTC_IRQHandler           
000006af  TA0_0_IRQHandler              
000006af  TA0_N_IRQHandler              
000006af  TA1_0_IRQHandler              
000006af  TA1_N_IRQHandler              
000006af  TA2_0_IRQHandler              
000006af  TA2_N_IRQHandler              
000006af  TA3_0_IRQHandler              
000006af  TA3_N_IRQHandler              
000006af  UsageFault_Handler            
000006af  WDT_A_IRQHandler              
000006b1  EUSCIA0_IRQHandler            
000006b1  EUSCIA0_IRQHandler            
000006cd  __TI_decompress_none          
000006db  Reset_Handler                 
000006e9  car_return                    
000006f5  new_line                      
00000701  _system_pre_init              
00000705  C$$EXIT                       
00000705  abort                         
0000072c  __TI_Handler_Table_Base       
00000734  __TI_CINIT_Base               
00000734  __TI_Handler_Table_Limit      
0000073c  __TI_CINIT_Limit              
20000000  duty_cycle                    
20000004  duty_out                      
2000fe00  __stack                       
20010000  __STACK_END                   
4000480c  WDTCTL_SYM                    
ffffffff  __TI_pprof_out_hndl           
ffffffff  __TI_prof_data_size           
ffffffff  __TI_prof_data_start          
ffffffff  __binit__                     
ffffffff  __c_args__                    
ffffffff  binit                         
UNDEFED   __mpu_init                    
UNDEFED   _system_post_cinit            

[91 symbols]
