******************************************************************************
                  TI ARM Linker PC v18.1.5                     
******************************************************************************
>> Linked Thu Mar  7 17:45:40 2019

OUTPUT FILE NAME:   <msp432p401x_ta0_01_MSP_EXP432P401R_nortos_ccs.out>
ENTRY POINT SYMBOL: "_c_int00_noargs"  address: 000002b5


MEMORY CONFIGURATION

         name            origin    length      used     unused   attr    fill
----------------------  --------  ---------  --------  --------  ----  --------
  MAIN                  00000000   00040000  00000328  0003fcd8  R  X
  INFO                  00200000   00004000  00000000  00004000  R  X
  SRAM_CODE             01000000   00010000  00000204  0000fdfc  RW X
  SRAM_DATA             20000000   00010000  00000204  0000fdfc  RW  


SEGMENT ALLOCATION MAP

run origin  load origin   length   init length attrs members
----------  ----------- ---------- ----------- ----- -------
00000000    00000000    0000032c   0000032c    r-x
  00000000    00000000    000000e4   000000e4    r-- .intvecs
  000000e4    000000e4    00000230   00000230    r-x .text
  00000318    00000318    00000014   00000014    r-- .cinit
20000000    20000000    00000004   00000000    rw-
  20000000    20000000    00000004   00000000    rw- .bss
2000fe00    2000fe00    00000200   00000000    rw-
  2000fe00    2000fe00    00000200   00000000    rw- .stack


SECTION ALLOCATION MAP

 output                                  attributes/
section   page    origin      length       input sections
--------  ----  ----------  ----------   ----------------
.intvecs   0    00000000    000000e4     
                  00000000    000000e4     startup_msp432p401r_ccs.obj (.intvecs:retain)

.text      0    000000e4    00000230     
                  000000e4    0000009c     msp432p401x_ta0_01.obj (.text:main)
                  00000180    00000078     system_msp432p401r.obj (.text:SystemInit)
                  000001f8    00000078     msp432p401x_ta0_01.obj (.text:TA0_0_IRQHandler)
                  00000270    00000044     rtsv7M4_T_le_v4SPD16_eabi.lib : autoinit.c.obj (.text:__TI_auto_init_nobinit_nopinit:__TI_auto_init_nobinit_nopinit)
                  000002b4    00000038                                   : boot_cortex_m.c.obj (.text:_c_int00_noargs:_c_int00_noargs)
                  000002ec    00000012                                   : copy_zero_init.c.obj (.text:decompress:ZI:__TI_zero_init_nomemset:__TI_zero_init_nomemset)
                  000002fe    0000000c     startup_msp432p401r_ccs.obj (.text:Reset_Handler)
                  0000030a    00000004     rtsv7M4_T_le_v4SPD16_eabi.lib : pre_init.c.obj (.text:_system_pre_init)
                  0000030e    00000004                                   : exit.c.obj (.text:abort:abort)
                  00000312    00000002     startup_msp432p401r_ccs.obj (.text:Default_Handler)

.cinit     0    00000318    00000014     
                  00000318    00000008     (.cinit..bss.load) [load image, compression = zero_init]
                  00000320    00000004     (__TI_handler_table)
                  00000324    00000008     (__TI_cinit_table)

.init_array 
*          0    00000000    00000000     UNINITIALIZED

.binit     0    00000000    00000000     

.bss       0    20000000    00000004     UNINITIALIZED
                  20000000    00000004     (.common:TIMER_OVERFLOW_CNT)

.stack     0    2000fe00    00000200     UNINITIALIZED
                  2000fe00    00000004     rtsv7M4_T_le_v4SPD16_eabi.lib : boot_cortex_m.c.obj (.stack)
                  2000fe04    000001fc     --HOLE--

MODULE SUMMARY

       Module                        code   ro data   rw data
       ------                        ----   -------   -------
    .\
       msp432p401x_ta0_01.obj        276    0         8      
       system_msp432p401r.obj        120    0         0      
    +--+-----------------------------+------+---------+---------+
       Total:                        396    0         8      
                                                             
    .\ccs\
       startup_msp432p401r_ccs.obj   14     228       0      
    +--+-----------------------------+------+---------+---------+
       Total:                        14     228       0      
                                                             
    C:\ti\ccsv8\tools\compiler\ti-cgt-arm_18.1.5.LTS\lib\rtsv7M4_T_le_v4SPD16_eabi.lib
       autoinit.c.obj                68     0         0      
       boot_cortex_m.c.obj           56     0         0      
       copy_zero_init.c.obj          18     0         0      
       exit.c.obj                    4      0         0      
       pre_init.c.obj                4      0         0      
    +--+-----------------------------+------+---------+---------+
       Total:                        150    0         0      
                                                             
       Stack:                        0      0         1024   
       Linker Generated:             0      20        0      
    +--+-----------------------------+------+---------+---------+
       Grand Total:                  560    248       1032   


LINKER GENERATED COPY TABLES

__TI_cinit_table @ 00000324 records: 1, size/record: 8, table size: 8
	.bss: load addr=00000318, load size=00000008 bytes, run addr=20000000, run size=00000004 bytes, compression=zero_init


LINKER GENERATED HANDLER TABLE

__TI_handler_table @ 00000320 records: 1, size/record: 4, table size: 4
	index: 0, handler: __TI_zero_init


GLOBAL SYMBOLS: SORTED ALPHABETICALLY BY Name 

address   name                          
-------   ----                          
00000313  ADC14_IRQHandler              
00000313  AES256_IRQHandler             
00000313  BusFault_Handler              
0000030f  C$$EXIT                       
00000313  COMP_E0_IRQHandler            
00000313  COMP_E1_IRQHandler            
00000313  CS_IRQHandler                 
00000313  DMA_ERR_IRQHandler            
00000313  DMA_INT0_IRQHandler           
00000313  DMA_INT1_IRQHandler           
00000313  DMA_INT2_IRQHandler           
00000313  DMA_INT3_IRQHandler           
00000313  DebugMon_Handler              
00000313  Default_Handler               
00000313  EUSCIA0_IRQHandler            
00000313  EUSCIA1_IRQHandler            
00000313  EUSCIA2_IRQHandler            
00000313  EUSCIA3_IRQHandler            
00000313  EUSCIB0_IRQHandler            
00000313  EUSCIB1_IRQHandler            
00000313  EUSCIB2_IRQHandler            
00000313  EUSCIB3_IRQHandler            
00000313  FLCTL_IRQHandler              
00000313  FPU_IRQHandler                
00000313  HardFault_Handler             
00000313  MemManage_Handler             
00000313  NMI_Handler                   
00000313  PCM_IRQHandler                
00000313  PORT1_IRQHandler              
00000313  PORT2_IRQHandler              
00000313  PORT3_IRQHandler              
00000313  PORT4_IRQHandler              
00000313  PORT5_IRQHandler              
00000313  PORT6_IRQHandler              
00000313  PSS_IRQHandler                
00000313  PendSV_Handler                
00000313  RTC_C_IRQHandler              
000002ff  Reset_Handler                 
00000313  SVC_Handler                   
00000313  SysTick_Handler               
00000181  SystemInit                    
00000313  T32_INT1_IRQHandler           
00000313  T32_INT2_IRQHandler           
00000313  T32_INTC_IRQHandler           
000001f9  TA0_0_IRQHandler              
000001f9  TA0_0_IRQHandler              
00000313  TA0_N_IRQHandler              
00000313  TA1_0_IRQHandler              
00000313  TA1_N_IRQHandler              
00000313  TA2_0_IRQHandler              
00000313  TA2_N_IRQHandler              
00000313  TA3_0_IRQHandler              
00000313  TA3_N_IRQHandler              
20000000  TIMER_OVERFLOW_CNT            
00000313  UsageFault_Handler            
4000480c  WDTCTL_SYM                    
00000313  WDT_A_IRQHandler              
20010000  __STACK_END                   
00000200  __STACK_SIZE                  
00000324  __TI_CINIT_Base               
0000032c  __TI_CINIT_Limit              
00000320  __TI_Handler_Table_Base       
00000324  __TI_Handler_Table_Limit      
00000271  __TI_auto_init_nobinit_nopinit
ffffffff  __TI_pprof_out_hndl           
ffffffff  __TI_prof_data_size           
ffffffff  __TI_prof_data_start          
00000000  __TI_static_base__            
000002ed  __TI_zero_init_nomemset       
ffffffff  __binit__                     
ffffffff  __c_args__                    
UNDEFED   __mpu_init                    
2000fe00  __stack                       
000002b5  _c_int00_noargs               
UNDEFED   _system_post_cinit            
0000030b  _system_pre_init              
0000030f  abort                         
ffffffff  binit                         
00000000  interruptVectors              
000000e5  main                          


GLOBAL SYMBOLS: SORTED BY Symbol Address 

address   name                          
-------   ----                          
00000000  __TI_static_base__            
00000000  interruptVectors              
000000e5  main                          
00000181  SystemInit                    
000001f9  TA0_0_IRQHandler              
000001f9  TA0_0_IRQHandler              
00000200  __STACK_SIZE                  
00000271  __TI_auto_init_nobinit_nopinit
000002b5  _c_int00_noargs               
000002ed  __TI_zero_init_nomemset       
000002ff  Reset_Handler                 
0000030b  _system_pre_init              
0000030f  C$$EXIT                       
0000030f  abort                         
00000313  ADC14_IRQHandler              
00000313  AES256_IRQHandler             
00000313  BusFault_Handler              
00000313  COMP_E0_IRQHandler            
00000313  COMP_E1_IRQHandler            
00000313  CS_IRQHandler                 
00000313  DMA_ERR_IRQHandler            
00000313  DMA_INT0_IRQHandler           
00000313  DMA_INT1_IRQHandler           
00000313  DMA_INT2_IRQHandler           
00000313  DMA_INT3_IRQHandler           
00000313  DebugMon_Handler              
00000313  Default_Handler               
00000313  EUSCIA0_IRQHandler            
00000313  EUSCIA1_IRQHandler            
00000313  EUSCIA2_IRQHandler            
00000313  EUSCIA3_IRQHandler            
00000313  EUSCIB0_IRQHandler            
00000313  EUSCIB1_IRQHandler            
00000313  EUSCIB2_IRQHandler            
00000313  EUSCIB3_IRQHandler            
00000313  FLCTL_IRQHandler              
00000313  FPU_IRQHandler                
00000313  HardFault_Handler             
00000313  MemManage_Handler             
00000313  NMI_Handler                   
00000313  PCM_IRQHandler                
00000313  PORT1_IRQHandler              
00000313  PORT2_IRQHandler              
00000313  PORT3_IRQHandler              
00000313  PORT4_IRQHandler              
00000313  PORT5_IRQHandler              
00000313  PORT6_IRQHandler              
00000313  PSS_IRQHandler                
00000313  PendSV_Handler                
00000313  RTC_C_IRQHandler              
00000313  SVC_Handler                   
00000313  SysTick_Handler               
00000313  T32_INT1_IRQHandler           
00000313  T32_INT2_IRQHandler           
00000313  T32_INTC_IRQHandler           
00000313  TA0_N_IRQHandler              
00000313  TA1_0_IRQHandler              
00000313  TA1_N_IRQHandler              
00000313  TA2_0_IRQHandler              
00000313  TA2_N_IRQHandler              
00000313  TA3_0_IRQHandler              
00000313  TA3_N_IRQHandler              
00000313  UsageFault_Handler            
00000313  WDT_A_IRQHandler              
00000320  __TI_Handler_Table_Base       
00000324  __TI_CINIT_Base               
00000324  __TI_Handler_Table_Limit      
0000032c  __TI_CINIT_Limit              
20000000  TIMER_OVERFLOW_CNT            
2000fe00  __stack                       
20010000  __STACK_END                   
4000480c  WDTCTL_SYM                    
ffffffff  __TI_pprof_out_hndl           
ffffffff  __TI_prof_data_size           
ffffffff  __TI_prof_data_start          
ffffffff  __binit__                     
ffffffff  __c_args__                    
ffffffff  binit                         
UNDEFED   __mpu_init                    
UNDEFED   _system_post_cinit            

[80 symbols]
